exports[`test renders 1`] = `
<div>
  <span>
    Hello
  </span>
   
  <span>
    World
  </span>
  !
</div>
`;
